<?xml version="1.0" encoding="utf-8"?><testsuites><testsuite name="pytest" errors="0" failures="0" skipped="0" tests="2" time="0.018" timestamp="2024-12-10T09:00:51.978995-08:00" hostname="wanggang-b550mitxac"><testcase classname="test_weather_station" name="test_data_collection" time="0.000" /><testcase classname="test_weather_station" name="test_data_storage" time="0.002" /></testsuite></testsuites>